[step6] device=cuda  epochs=100  seeds=[1, 2, 3]
[step6] num_concepts=108  num_classes=200
[step6][seed 1] epoch 1/100  loss=5.2208  cls=5.1544  concept=0.6636  train_acc=0.0326  val_loss=4.9481  val_cls=4.8709  val_concept=0.7719  val_acc=0.0745
[step6][seed 1] epoch 2/100  loss=4.5533  cls=4.4543  concept=0.9894  train_acc=0.1205  val_loss=4.2074  val_cls=4.0920  val_concept=1.1539  val_acc=0.1268
[step6][seed 1] epoch 3/100  loss=3.7831  cls=3.6519  concept=1.3122  train_acc=0.2565  val_loss=3.5274  val_cls=3.3863  val_concept=1.4104  val_acc=0.2481
[step6][seed 1] epoch 4/100  loss=3.1434  cls=2.9910  concept=1.5239  train_acc=0.3927  val_loss=3.0249  val_cls=2.8697  val_concept=1.5516  val_acc=0.3370
[step6][seed 1] epoch 5/100  loss=2.6595  cls=2.4940  concept=1.6545  train_acc=0.5019  val_loss=2.6270  val_cls=2.4607  val_concept=1.6632  val_acc=0.4416
[step6][seed 1] epoch 6/100  loss=2.2912  cls=2.1178  concept=1.7346  train_acc=0.5974  val_loss=2.3521  val_cls=2.1796  val_concept=1.7256  val_acc=0.4861
[step6][seed 1] epoch 7/100  loss=1.9944  cls=1.8161  concept=1.7829  train_acc=0.6791  val_loss=2.1481  val_cls=1.9737  val_concept=1.7439  val_acc=0.5495
[step6][seed 1] epoch 8/100  loss=1.7585  cls=1.5773  concept=1.8123  train_acc=0.7352  val_loss=1.9472  val_cls=1.7696  val_concept=1.7765  val_acc=0.5940
[step6][seed 1] epoch 9/100  loss=1.5586  cls=1.3766  concept=1.8204  train_acc=0.7794  val_loss=1.8153  val_cls=1.6394  val_concept=1.7597  val_acc=0.5984
[step6][seed 1] epoch 10/100  loss=1.3886  cls=1.2060  concept=1.8256  train_acc=0.8114  val_loss=1.7019  val_cls=1.5235  val_concept=1.7841  val_acc=0.6407
[step6][seed 1] epoch 11/100  loss=1.2390  cls=1.0564  concept=1.8261  train_acc=0.8487  val_loss=1.6059  val_cls=1.4291  val_concept=1.7673  val_acc=0.6607
[step6][seed 1] epoch 12/100  loss=1.1137  cls=0.9323  concept=1.8145  train_acc=0.8709  val_loss=1.5242  val_cls=1.3481  val_concept=1.7618  val_acc=0.6774
[step6][seed 1] epoch 13/100  loss=1.0057  cls=0.8249  concept=1.8084  train_acc=0.8942  val_loss=1.4638  val_cls=1.2860  val_concept=1.7779  val_acc=0.6852
[step6][seed 1] epoch 14/100  loss=0.9106  cls=0.7316  concept=1.7899  train_acc=0.9182  val_loss=1.4040  val_cls=1.2317  val_concept=1.7226  val_acc=0.6763
[step6][seed 1] epoch 15/100  loss=0.8179  cls=0.6402  concept=1.7775  train_acc=0.9335  val_loss=1.3882  val_cls=1.2180  val_concept=1.7021  val_acc=0.6785
[step6][seed 1] epoch 16/100  loss=0.7474  cls=0.5719  concept=1.7543  train_acc=0.9454  val_loss=1.3125  val_cls=1.1441  val_concept=1.6841  val_acc=0.6841
[step6][seed 1] epoch 17/100  loss=0.6775  cls=0.5047  concept=1.7279  train_acc=0.9568  val_loss=1.3086  val_cls=1.1413  val_concept=1.6729  val_acc=0.6841
[step6][seed 1] epoch 18/100  loss=0.6180  cls=0.4469  concept=1.7111  train_acc=0.9621  val_loss=1.2595  val_cls=1.0942  val_concept=1.6527  val_acc=0.7130
[step6][seed 1] epoch 19/100  loss=0.5703  cls=0.4014  concept=1.6890  train_acc=0.9753  val_loss=1.2386  val_cls=1.0780  val_concept=1.6056  val_acc=0.7019
[step6][seed 1] epoch 20/100  loss=0.5229  cls=0.3569  concept=1.6600  train_acc=0.9827  val_loss=1.2472  val_cls=1.0872  val_concept=1.6000  val_acc=0.6930
[step6][seed 1] epoch 21/100  loss=0.4865  cls=0.3222  concept=1.6438  train_acc=0.9851  val_loss=1.2284  val_cls=1.0697  val_concept=1.5872  val_acc=0.6974
[step6][seed 1] epoch 22/100  loss=0.4462  cls=0.2843  concept=1.6193  train_acc=0.9876  val_loss=1.2446  val_cls=1.0900  val_concept=1.5469  val_acc=0.7075
[step6][seed 1] epoch 23/100  loss=0.4140  cls=0.2546  concept=1.5944  train_acc=0.9916  val_loss=1.2192  val_cls=1.0658  val_concept=1.5338  val_acc=0.7097
[step6][seed 1] epoch 24/100  loss=0.3858  cls=0.2285  concept=1.5726  train_acc=0.9951  val_loss=1.1863  val_cls=1.0365  val_concept=1.4977  val_acc=0.7008
[step6][seed 1] epoch 25/100  loss=0.3666  cls=0.2119  concept=1.5471  train_acc=0.9951  val_loss=1.2086  val_cls=1.0625  val_concept=1.4606  val_acc=0.7097
[step6][seed 1] epoch 26/100  loss=0.3402  cls=0.1882  concept=1.5204  train_acc=0.9969  val_loss=1.1840  val_cls=1.0399  val_concept=1.4416  val_acc=0.7208
[step6][seed 1] epoch 27/100  loss=0.3187  cls=0.1688  concept=1.4994  train_acc=0.9980  val_loss=1.1836  val_cls=1.0410  val_concept=1.4258  val_acc=0.7197
[step6][seed 1] epoch 28/100  loss=0.3041  cls=0.1567  concept=1.4736  train_acc=0.9982  val_loss=1.1630  val_cls=1.0227  val_concept=1.4024  val_acc=0.7130
[step6][seed 1] epoch 29/100  loss=0.2913  cls=0.1464  concept=1.4493  train_acc=0.9986  val_loss=1.1835  val_cls=1.0448  val_concept=1.3865  val_acc=0.7152
[step6][seed 1] epoch 30/100  loss=0.2786  cls=0.1359  concept=1.4272  train_acc=0.9994  val_loss=1.1364  val_cls=0.9994  val_concept=1.3698  val_acc=0.7219
[step6][seed 1] epoch 31/100  loss=0.2650  cls=0.1247  concept=1.4033  train_acc=0.9996  val_loss=1.1382  val_cls=1.0035  val_concept=1.3464  val_acc=0.7253
[step6][seed 1] epoch 32/100  loss=0.2540  cls=0.1156  concept=1.3842  train_acc=0.9994  val_loss=1.1366  val_cls=1.0049  val_concept=1.3165  val_acc=0.7297
[step6][seed 1] epoch 33/100  loss=0.2432  cls=0.1069  concept=1.3631  train_acc=0.9998  val_loss=1.1433  val_cls=1.0138  val_concept=1.2957  val_acc=0.7264
[step6][seed 1] epoch 34/100  loss=0.2384  cls=0.1040  concept=1.3436  train_acc=0.9996  val_loss=1.1405  val_cls=1.0134  val_concept=1.2708  val_acc=0.7241
[step6][seed 1] epoch 35/100  loss=0.2287  cls=0.0962  concept=1.3246  train_acc=0.9996  val_loss=1.1484  val_cls=1.0226  val_concept=1.2572  val_acc=0.7208
[step6][seed 1] epoch 36/100  loss=0.2232  cls=0.0926  concept=1.3061  train_acc=1.0000  val_loss=1.1388  val_cls=1.0153  val_concept=1.2357  val_acc=0.7264
[step6][seed 1] epoch 37/100  loss=0.2181  cls=0.0889  concept=1.2920  train_acc=0.9996  val_loss=1.1690  val_cls=1.0473  val_concept=1.2161  val_acc=0.7164
[step6][seed 1] epoch 38/100  loss=0.2127  cls=0.0850  concept=1.2775  train_acc=0.9998  val_loss=1.1484  val_cls=1.0269  val_concept=1.2149  val_acc=0.7286
[step6][seed 1] epoch 39/100  loss=0.2075  cls=0.0815  concept=1.2596  train_acc=1.0000  val_loss=1.1211  val_cls=1.0015  val_concept=1.1959  val_acc=0.7241
[step6][seed 1] epoch 40/100  loss=0.2015  cls=0.0772  concept=1.2432  train_acc=1.0000  val_loss=1.1314  val_cls=1.0136  val_concept=1.1775  val_acc=0.7186
[step6][seed 1] epoch 41/100  loss=0.1972  cls=0.0742  concept=1.2305  train_acc=1.0000  val_loss=1.1271  val_cls=1.0096  val_concept=1.1745  val_acc=0.7286
[step6][seed 1] epoch 42/100  loss=0.1949  cls=0.0733  concept=1.2164  train_acc=0.9998  val_loss=1.1212  val_cls=1.0049  val_concept=1.1633  val_acc=0.7308
[step6][seed 1] epoch 43/100  loss=0.1907  cls=0.0700  concept=1.2065  train_acc=1.0000  val_loss=1.1213  val_cls=1.0063  val_concept=1.1491  val_acc=0.7330
[step6][seed 1] epoch 44/100  loss=0.1872  cls=0.0680  concept=1.1920  train_acc=1.0000  val_loss=1.1407  val_cls=1.0267  val_concept=1.1395  val_acc=0.7241
[step6][seed 1] epoch 45/100  loss=0.1847  cls=0.0663  concept=1.1834  train_acc=1.0000  val_loss=1.1446  val_cls=1.0322  val_concept=1.1243  val_acc=0.7197
[step6][seed 1] epoch 46/100  loss=0.1824  cls=0.0652  concept=1.1717  train_acc=1.0000  val_loss=1.1409  val_cls=1.0285  val_concept=1.1231  val_acc=0.7353
[step6][seed 1] epoch 47/100  loss=0.1801  cls=0.0635  concept=1.1658  train_acc=1.0000  val_loss=1.1317  val_cls=1.0203  val_concept=1.1136  val_acc=0.7241
[step6][seed 1] epoch 48/100  loss=0.1771  cls=0.0617  concept=1.1538  train_acc=1.0000  val_loss=1.1300  val_cls=1.0196  val_concept=1.1045  val_acc=0.7275
[step6][seed 1] epoch 49/100  loss=0.1755  cls=0.0609  concept=1.1461  train_acc=1.0000  val_loss=1.1308  val_cls=1.0216  val_concept=1.0920  val_acc=0.7386
[step6][seed 1] epoch 50/100  loss=0.1724  cls=0.0586  concept=1.1383  train_acc=1.0000  val_loss=1.1433  val_cls=1.0351  val_concept=1.0817  val_acc=0.7353
[step6][seed 1] epoch 51/100  loss=0.1701  cls=0.0573  concept=1.1278  train_acc=1.0000  val_loss=1.1544  val_cls=1.0468  val_concept=1.0758  val_acc=0.7152
[step6][seed 1] epoch 52/100  loss=0.1693  cls=0.0570  concept=1.1224  train_acc=1.0000  val_loss=1.1376  val_cls=1.0307  val_concept=1.0688  val_acc=0.7330
[step6][seed 1] epoch 53/100  loss=0.1665  cls=0.0553  concept=1.1112  train_acc=1.0000  val_loss=1.1305  val_cls=1.0243  val_concept=1.0621  val_acc=0.7408
[step6][seed 1] epoch 54/100  loss=0.1652  cls=0.0546  concept=1.1063  train_acc=1.0000  val_loss=1.1151  val_cls=1.0096  val_concept=1.0557  val_acc=0.7308
[step6][seed 1] epoch 55/100  loss=0.1636  cls=0.0537  concept=1.0991  train_acc=1.0000  val_loss=1.1085  val_cls=1.0030  val_concept=1.0555  val_acc=0.7375
[step6][seed 1] epoch 56/100  loss=0.1623  cls=0.0530  concept=1.0931  train_acc=1.0000  val_loss=1.1285  val_cls=1.0233  val_concept=1.0521  val_acc=0.7364
[step6][seed 1] epoch 57/100  loss=0.1615  cls=0.0525  concept=1.0895  train_acc=1.0000  val_loss=1.1253  val_cls=1.0216  val_concept=1.0367  val_acc=0.7297
[step6][seed 1] epoch 58/100  loss=0.1595  cls=0.0514  concept=1.0818  train_acc=1.0000  val_loss=1.1495  val_cls=1.0459  val_concept=1.0365  val_acc=0.7297
[step6][seed 1] epoch 59/100  loss=0.1578  cls=0.0503  concept=1.0750  train_acc=1.0000  val_loss=1.1406  val_cls=1.0376  val_concept=1.0301  val_acc=0.7375
[step6][seed 1] epoch 60/100  loss=0.1563  cls=0.0492  concept=1.0717  train_acc=1.0000  val_loss=1.1324  val_cls=1.0306  val_concept=1.0185  val_acc=0.7341
[step6][seed 1] epoch 61/100  loss=0.1551  cls=0.0485  concept=1.0654  train_acc=1.0000  val_loss=1.1335  val_cls=1.0317  val_concept=1.0185  val_acc=0.7408
[step6][seed 1] epoch 62/100  loss=0.1547  cls=0.0488  concept=1.0589  train_acc=1.0000  val_loss=1.1433  val_cls=1.0421  val_concept=1.0128  val_acc=0.7364
[step6][seed 1] epoch 63/100  loss=0.1537  cls=0.0480  concept=1.0574  train_acc=1.0000  val_loss=1.1490  val_cls=1.0479  val_concept=1.0113  val_acc=0.7375
[step6][seed 1] epoch 64/100  loss=0.1524  cls=0.0471  concept=1.0530  train_acc=1.0000  val_loss=1.1461  val_cls=1.0459  val_concept=1.0022  val_acc=0.7408
[step6][seed 1] epoch 65/100  loss=0.1515  cls=0.0469  concept=1.0465  train_acc=1.0000  val_loss=1.1376  val_cls=1.0377  val_concept=0.9990  val_acc=0.7397
[step6][seed 1] epoch 66/100  loss=0.1500  cls=0.0457  concept=1.0431  train_acc=1.0000  val_loss=1.1383  val_cls=1.0388  val_concept=0.9948  val_acc=0.7486
[step6][seed 1] epoch 67/100  loss=0.1499  cls=0.0460  concept=1.0390  train_acc=1.0000  val_loss=1.1200  val_cls=1.0207  val_concept=0.9933  val_acc=0.7341
[step6][seed 1] epoch 68/100  loss=0.1486  cls=0.0450  concept=1.0355  train_acc=1.0000  val_loss=1.1258  val_cls=1.0266  val_concept=0.9916  val_acc=0.7453
[step6][seed 1] epoch 69/100  loss=0.1481  cls=0.0449  concept=1.0324  train_acc=1.0000  val_loss=1.1367  val_cls=1.0382  val_concept=0.9853  val_acc=0.7375
[step6][seed 1] epoch 70/100  loss=0.1471  cls=0.0441  concept=1.0305  train_acc=1.0000  val_loss=1.1470  val_cls=1.0483  val_concept=0.9868  val_acc=0.7430
[step6][seed 1] epoch 71/100  loss=0.1465  cls=0.0440  concept=1.0256  train_acc=1.0000  val_loss=1.1493  val_cls=1.0512  val_concept=0.9812  val_acc=0.7330
[step6][seed 1] epoch 72/100  loss=0.1452  cls=0.0428  concept=1.0240  train_acc=1.0000  val_loss=1.1472  val_cls=1.0500  val_concept=0.9715  val_acc=0.7442
[step6][seed 1] epoch 73/100  loss=0.1450  cls=0.0432  concept=1.0185  train_acc=1.0000  val_loss=1.1368  val_cls=1.0394  val_concept=0.9741  val_acc=0.7330
[step6][seed 1] epoch 74/100  loss=0.1447  cls=0.0429  concept=1.0180  train_acc=1.0000  val_loss=1.1544  val_cls=1.0575  val_concept=0.9694  val_acc=0.7308
[step6][seed 1] epoch 75/100  loss=0.1438  cls=0.0424  concept=1.0147  train_acc=1.0000  val_loss=1.1344  val_cls=1.0373  val_concept=0.9712  val_acc=0.7386
[step6][seed 1] epoch 76/100  loss=0.1432  cls=0.0418  concept=1.0137  train_acc=1.0000  val_loss=1.1497  val_cls=1.0532  val_concept=0.9651  val_acc=0.7386
[step6][seed 1] epoch 77/100  loss=0.1426  cls=0.0416  concept=1.0092  train_acc=1.0000  val_loss=1.1543  val_cls=1.0581  val_concept=0.9615  val_acc=0.7386
[step6][seed 1] epoch 78/100  loss=0.1427  cls=0.0420  concept=1.0066  train_acc=1.0000  val_loss=1.1486  val_cls=1.0523  val_concept=0.9625  val_acc=0.7419
[step6][seed 1] epoch 79/100  loss=0.1420  cls=0.0414  concept=1.0067  train_acc=1.0000  val_loss=1.1518  val_cls=1.0557  val_concept=0.9615  val_acc=0.7408
[step6][seed 1] epoch 80/100  loss=0.1413  cls=0.0409  concept=1.0041  train_acc=1.0000  val_loss=1.1449  val_cls=1.0488  val_concept=0.9609  val_acc=0.7430
[step6][seed 1] epoch 81/100  loss=0.1412  cls=0.0410  concept=1.0024  train_acc=1.0000  val_loss=1.1405  val_cls=1.0448  val_concept=0.9565  val_acc=0.7386
[step6][seed 1] epoch 82/100  loss=0.1402  cls=0.0402  concept=0.9998  train_acc=1.0000  val_loss=1.1512  val_cls=1.0558  val_concept=0.9538  val_acc=0.7519
[step6][seed 1] epoch 83/100  loss=0.1403  cls=0.0403  concept=0.9991  train_acc=1.0000  val_loss=1.1553  val_cls=1.0600  val_concept=0.9524  val_acc=0.7430
[step6][seed 1] epoch 84/100  loss=0.1403  cls=0.0407  concept=0.9967  train_acc=1.0000  val_loss=1.1524  val_cls=1.0572  val_concept=0.9514  val_acc=0.7442
[step6][seed 1] epoch 85/100  loss=0.1400  cls=0.0403  concept=0.9967  train_acc=1.0000  val_loss=1.1502  val_cls=1.0551  val_concept=0.9510  val_acc=0.7419
[step6][seed 1] epoch 86/100  loss=0.1393  cls=0.0398  concept=0.9954  train_acc=1.0000  val_loss=1.1527  val_cls=1.0580  val_concept=0.9474  val_acc=0.7442
[step6][seed 1] epoch 87/100  loss=0.1390  cls=0.0396  concept=0.9941  train_acc=1.0000  val_loss=1.1526  val_cls=1.0579  val_concept=0.9475  val_acc=0.7386
[step6][seed 1] epoch 88/100  loss=0.1393  cls=0.0400  concept=0.9928  train_acc=1.0000  val_loss=1.1492  val_cls=1.0544  val_concept=0.9478  val_acc=0.7419
[step6][seed 1] epoch 89/100  loss=0.1386  cls=0.0394  concept=0.9921  train_acc=1.0000  val_loss=1.1463  val_cls=1.0515  val_concept=0.9478  val_acc=0.7419
[step6][seed 1] epoch 90/100  loss=0.1388  cls=0.0396  concept=0.9917  train_acc=1.0000  val_loss=1.1522  val_cls=1.0576  val_concept=0.9458  val_acc=0.7408
[step6][seed 1] epoch 91/100  loss=0.1387  cls=0.0397  concept=0.9902  train_acc=1.0000  val_loss=1.1512  val_cls=1.0567  val_concept=0.9449  val_acc=0.7442
[step6][seed 1] epoch 92/100  loss=0.1384  cls=0.0392  concept=0.9913  train_acc=1.0000  val_loss=1.1542  val_cls=1.0597  val_concept=0.9448  val_acc=0.7408
[step6][seed 1] epoch 93/100  loss=0.1383  cls=0.0393  concept=0.9896  train_acc=1.0000  val_loss=1.1526  val_cls=1.0582  val_concept=0.9439  val_acc=0.7430
[step6][seed 1] epoch 94/100  loss=0.1383  cls=0.0393  concept=0.9899  train_acc=1.0000  val_loss=1.1503  val_cls=1.0559  val_concept=0.9441  val_acc=0.7419
[step6][seed 1] epoch 95/100  loss=0.1376  cls=0.0387  concept=0.9892  train_acc=1.0000  val_loss=1.1521  val_cls=1.0578  val_concept=0.9435  val_acc=0.7430
[step6][seed 1] epoch 96/100  loss=0.1378  cls=0.0389  concept=0.9888  train_acc=1.0000  val_loss=1.1511  val_cls=1.0567  val_concept=0.9441  val_acc=0.7453
[step6][seed 1] epoch 97/100  loss=0.1378  cls=0.0388  concept=0.9898  train_acc=1.0000  val_loss=1.1511  val_cls=1.0568  val_concept=0.9435  val_acc=0.7453
[step6][seed 1] epoch 98/100  loss=0.1379  cls=0.0391  concept=0.9880  train_acc=1.0000  val_loss=1.1510  val_cls=1.0566  val_concept=0.9436  val_acc=0.7430
[step6][seed 1] epoch 99/100  loss=0.1377  cls=0.0389  concept=0.9888  train_acc=1.0000  val_loss=1.1513  val_cls=1.0569  val_concept=0.9435  val_acc=0.7430
[step6][seed 1] epoch 100/100  loss=0.1376  cls=0.0386  concept=0.9896  train_acc=1.0000  val_loss=1.1513  val_cls=1.0569  val_concept=0.9435  val_acc=0.7430
[step6][seed 1] test top-1 accuracy = 0.7209
[step6][seed 1] saved checkpoint -> /home/cril/boulaabi/CLARITY/VisualCLARITY/outputs/checkpoints/globalcbm_seed1.pt
[step6][seed 2] epoch 1/100  loss=5.2159  cls=5.1511  concept=0.6479  train_acc=0.0338  val_loss=4.9348  val_cls=4.8577  val_concept=0.7709  val_acc=0.0534
[step6][seed 2] epoch 2/100  loss=4.5125  cls=4.4152  concept=0.9732  train_acc=0.1317  val_loss=4.1645  val_cls=4.0486  val_concept=1.1592  val_acc=0.1368
[step6][seed 2] epoch 3/100  loss=3.7381  cls=3.6090  concept=1.2914  train_acc=0.2469  val_loss=3.4808  val_cls=3.3403  val_concept=1.4057  val_acc=0.2647
[step6][seed 2] epoch 4/100  loss=3.1056  cls=2.9560  concept=1.4959  train_acc=0.3986  val_loss=2.9812  val_cls=2.8251  val_concept=1.5606  val_acc=0.3660
[step6][seed 2] epoch 5/100  loss=2.6345  cls=2.4718  concept=1.6272  train_acc=0.5076  val_loss=2.6231  val_cls=2.4554  val_concept=1.6769  val_acc=0.4583
[step6][seed 2] epoch 6/100  loss=2.2644  cls=2.0935  concept=1.7085  train_acc=0.6094  val_loss=2.3385  val_cls=2.1692  val_concept=1.6933  val_acc=0.5217
[step6][seed 2] epoch 7/100  loss=1.9780  cls=1.8033  concept=1.7479  train_acc=0.6763  val_loss=2.0997  val_cls=1.9239  val_concept=1.7579  val_acc=0.5473
[step6][seed 2] epoch 8/100  loss=1.7396  cls=1.5618  concept=1.7788  train_acc=0.7250  val_loss=1.9430  val_cls=1.7688  val_concept=1.7425  val_acc=0.5628
[step6][seed 2] epoch 9/100  loss=1.5516  cls=1.3727  concept=1.7891  train_acc=0.7710  val_loss=1.8228  val_cls=1.6474  val_concept=1.7543  val_acc=0.5862
[step6][seed 2] epoch 10/100  loss=1.3805  cls=1.2010  concept=1.7943  train_acc=0.8149  val_loss=1.6888  val_cls=1.5124  val_concept=1.7632  val_acc=0.6329
[step6][seed 2] epoch 11/100  loss=1.2344  cls=1.0550  concept=1.7942  train_acc=0.8499  val_loss=1.5832  val_cls=1.4083  val_concept=1.7493  val_acc=0.6663
[step6][seed 2] epoch 12/100  loss=1.1144  cls=0.9358  concept=1.7859  train_acc=0.8669  val_loss=1.5146  val_cls=1.3409  val_concept=1.7369  val_acc=0.6563
[step6][seed 2] epoch 13/100  loss=1.0018  cls=0.8241  concept=1.7769  train_acc=0.8983  val_loss=1.4764  val_cls=1.3037  val_concept=1.7273  val_acc=0.6707
[step6][seed 2] epoch 14/100  loss=0.9120  cls=0.7365  concept=1.7553  train_acc=0.9101  val_loss=1.4081  val_cls=1.2367  val_concept=1.7135  val_acc=0.6830
[step6][seed 2] epoch 15/100  loss=0.8246  cls=0.6507  concept=1.7389  train_acc=0.9286  val_loss=1.3531  val_cls=1.1854  val_concept=1.6771  val_acc=0.6741
[step6][seed 2] epoch 16/100  loss=0.7569  cls=0.5844  concept=1.7253  train_acc=0.9452  val_loss=1.3279  val_cls=1.1604  val_concept=1.6748  val_acc=0.6852
[step6][seed 2] epoch 17/100  loss=0.6863  cls=0.5155  concept=1.7076  train_acc=0.9553  val_loss=1.3168  val_cls=1.1511  val_concept=1.6578  val_acc=0.6819
[step6][seed 2] epoch 18/100  loss=0.6261  cls=0.4575  concept=1.6867  train_acc=0.9617  val_loss=1.2837  val_cls=1.1193  val_concept=1.6438  val_acc=0.6908
[step6][seed 2] epoch 19/100  loss=0.5716  cls=0.4047  concept=1.6694  train_acc=0.9737  val_loss=1.2479  val_cls=1.0859  val_concept=1.6203  val_acc=0.6919
[step6][seed 2] epoch 20/100  loss=0.5210  cls=0.3564  concept=1.6462  train_acc=0.9790  val_loss=1.2242  val_cls=1.0655  val_concept=1.5870  val_acc=0.6974
[step6][seed 2] epoch 21/100  loss=0.4857  cls=0.3234  concept=1.6230  train_acc=0.9847  val_loss=1.2393  val_cls=1.0838  val_concept=1.5555  val_acc=0.7019
[step6][seed 2] epoch 22/100  loss=0.4496  cls=0.2897  concept=1.5996  train_acc=0.9870  val_loss=1.1950  val_cls=1.0415  val_concept=1.5353  val_acc=0.7030
[step6][seed 2] epoch 23/100  loss=0.4162  cls=0.2589  concept=1.5729  train_acc=0.9918  val_loss=1.2055  val_cls=1.0549  val_concept=1.5061  val_acc=0.7052
[step6][seed 2] epoch 24/100  loss=0.3903  cls=0.2345  concept=1.5576  train_acc=0.9941  val_loss=1.1674  val_cls=1.0168  val_concept=1.5066  val_acc=0.6986
[step6][seed 2] epoch 25/100  loss=0.3641  cls=0.2108  concept=1.5328  train_acc=0.9953  val_loss=1.1976  val_cls=1.0524  val_concept=1.4521  val_acc=0.7108
[step6][seed 2] epoch 26/100  loss=0.3401  cls=0.1896  concept=1.5050  train_acc=0.9971  val_loss=1.1710  val_cls=1.0268  val_concept=1.4427  val_acc=0.7130
[step6][seed 2] epoch 27/100  loss=0.3218  cls=0.1739  concept=1.4788  train_acc=0.9965  val_loss=1.1577  val_cls=1.0162  val_concept=1.4158  val_acc=0.7041
[step6][seed 2] epoch 28/100  loss=0.3045  cls=0.1588  concept=1.4565  train_acc=0.9976  val_loss=1.1698  val_cls=1.0310  val_concept=1.3879  val_acc=0.7186
[step6][seed 2] epoch 29/100  loss=0.2862  cls=0.1429  concept=1.4334  train_acc=0.9986  val_loss=1.1476  val_cls=1.0119  val_concept=1.3569  val_acc=0.7197
[step6][seed 2] epoch 30/100  loss=0.2730  cls=0.1324  concept=1.4057  train_acc=0.9990  val_loss=1.1553  val_cls=1.0221  val_concept=1.3327  val_acc=0.7108
[step6][seed 2] epoch 31/100  loss=0.2627  cls=0.1239  concept=1.3879  train_acc=0.9994  val_loss=1.1608  val_cls=1.0284  val_concept=1.3235  val_acc=0.7075
[step6][seed 2] epoch 32/100  loss=0.2537  cls=0.1171  concept=1.3651  train_acc=0.9998  val_loss=1.1493  val_cls=1.0194  val_concept=1.2988  val_acc=0.7141
[step6][seed 2] epoch 33/100  loss=0.2457  cls=0.1111  concept=1.3460  train_acc=0.9990  val_loss=1.1499  val_cls=1.0210  val_concept=1.2888  val_acc=0.7130
[step6][seed 2] epoch 34/100  loss=0.2370  cls=0.1041  concept=1.3286  train_acc=0.9996  val_loss=1.1342  val_cls=1.0072  val_concept=1.2698  val_acc=0.7197
[step6][seed 2] epoch 35/100  loss=0.2290  cls=0.0979  concept=1.3109  train_acc=0.9996  val_loss=1.1353  val_cls=1.0094  val_concept=1.2587  val_acc=0.7141
[step6][seed 2] epoch 36/100  loss=0.2224  cls=0.0933  concept=1.2915  train_acc=0.9998  val_loss=1.1063  val_cls=0.9830  val_concept=1.2334  val_acc=0.7208
[step6][seed 2] epoch 37/100  loss=0.2161  cls=0.0887  concept=1.2743  train_acc=0.9998  val_loss=1.1204  val_cls=0.9986  val_concept=1.2178  val_acc=0.7141
[step6][seed 2] epoch 38/100  loss=0.2098  cls=0.0839  concept=1.2585  train_acc=1.0000  val_loss=1.1155  val_cls=0.9954  val_concept=1.2008  val_acc=0.7230
[step6][seed 2] epoch 39/100  loss=0.2054  cls=0.0812  concept=1.2418  train_acc=1.0000  val_loss=1.1224  val_cls=1.0052  val_concept=1.1724  val_acc=0.7186
[step6][seed 2] epoch 40/100  loss=0.2022  cls=0.0792  concept=1.2297  train_acc=1.0000  val_loss=1.1211  val_cls=1.0039  val_concept=1.1725  val_acc=0.7319
[step6][seed 2] epoch 41/100  loss=0.1973  cls=0.0758  concept=1.2158  train_acc=1.0000  val_loss=1.1324  val_cls=1.0170  val_concept=1.1539  val_acc=0.7275
[step6][seed 2] epoch 42/100  loss=0.1922  cls=0.0718  concept=1.2039  train_acc=1.0000  val_loss=1.1364  val_cls=1.0224  val_concept=1.1398  val_acc=0.7219
[step6][seed 2] epoch 43/100  loss=0.1891  cls=0.0704  concept=1.1874  train_acc=1.0000  val_loss=1.1117  val_cls=0.9991  val_concept=1.1261  val_acc=0.7164
[step6][seed 2] epoch 44/100  loss=0.1883  cls=0.0703  concept=1.1796  train_acc=0.9990  val_loss=1.1251  val_cls=1.0126  val_concept=1.1250  val_acc=0.7164
[step6][seed 2] epoch 45/100  loss=0.1842  cls=0.0674  concept=1.1682  train_acc=1.0000  val_loss=1.1327  val_cls=1.0219  val_concept=1.1085  val_acc=0.7164
[step6][seed 2] epoch 46/100  loss=0.1793  cls=0.0637  concept=1.1567  train_acc=1.0000  val_loss=1.1166  val_cls=1.0059  val_concept=1.1068  val_acc=0.7208
[step6][seed 2] epoch 47/100  loss=0.1784  cls=0.0636  concept=1.1477  train_acc=1.0000  val_loss=1.1300  val_cls=1.0207  val_concept=1.0925  val_acc=0.7130
[step6][seed 2] epoch 48/100  loss=0.1762  cls=0.0622  concept=1.1394  train_acc=1.0000  val_loss=1.1445  val_cls=1.0362  val_concept=1.0826  val_acc=0.7186
[step6][seed 2] epoch 49/100  loss=0.1738  cls=0.0609  concept=1.1292  train_acc=1.0000  val_loss=1.1121  val_cls=1.0045  val_concept=1.0764  val_acc=0.7197
[step6][seed 2] epoch 50/100  loss=0.1719  cls=0.0596  concept=1.1234  train_acc=1.0000  val_loss=1.1239  val_cls=1.0169  val_concept=1.0707  val_acc=0.7264
[step6][seed 2] epoch 51/100  loss=0.1685  cls=0.0573  concept=1.1120  train_acc=1.0000  val_loss=1.1196  val_cls=1.0129  val_concept=1.0667  val_acc=0.7275
[step6][seed 2] epoch 52/100  loss=0.1666  cls=0.0562  concept=1.1044  train_acc=1.0000  val_loss=1.1080  val_cls=1.0027  val_concept=1.0535  val_acc=0.7175
[step6][seed 2] epoch 53/100  loss=0.1654  cls=0.0556  concept=1.0979  train_acc=1.0000  val_loss=1.1256  val_cls=1.0203  val_concept=1.0531  val_acc=0.7230
[step6][seed 2] epoch 54/100  loss=0.1643  cls=0.0551  concept=1.0929  train_acc=1.0000  val_loss=1.1175  val_cls=1.0132  val_concept=1.0428  val_acc=0.7197
[step6][seed 2] epoch 55/100  loss=0.1623  cls=0.0538  concept=1.0855  train_acc=1.0000  val_loss=1.1238  val_cls=1.0202  val_concept=1.0367  val_acc=0.7264
[step6][seed 2] epoch 56/100  loss=0.1603  cls=0.0525  concept=1.0780  train_acc=1.0000  val_loss=1.1285  val_cls=1.0260  val_concept=1.0246  val_acc=0.7275
[step6][seed 2] epoch 57/100  loss=0.1589  cls=0.0519  concept=1.0704  train_acc=1.0000  val_loss=1.1154  val_cls=1.0131  val_concept=1.0237  val_acc=0.7264
[step6][seed 2] epoch 58/100  loss=0.1571  cls=0.0504  concept=1.0664  train_acc=1.0000  val_loss=1.1173  val_cls=1.0157  val_concept=1.0157  val_acc=0.7186
[step6][seed 2] epoch 59/100  loss=0.1570  cls=0.0508  concept=1.0618  train_acc=1.0000  val_loss=1.1286  val_cls=1.0271  val_concept=1.0148  val_acc=0.7219
[step6][seed 2] epoch 60/100  loss=0.1556  cls=0.0500  concept=1.0558  train_acc=1.0000  val_loss=1.1234  val_cls=1.0230  val_concept=1.0044  val_acc=0.7164
[step6][seed 2] epoch 61/100  loss=0.1547  cls=0.0496  concept=1.0513  train_acc=1.0000  val_loss=1.1247  val_cls=1.0248  val_concept=0.9997  val_acc=0.7275
[step6][seed 2] epoch 62/100  loss=0.1532  cls=0.0486  concept=1.0460  train_acc=1.0000  val_loss=1.1284  val_cls=1.0288  val_concept=0.9968  val_acc=0.7230
[step6][seed 2] epoch 63/100  loss=0.1518  cls=0.0477  concept=1.0409  train_acc=1.0000  val_loss=1.1369  val_cls=1.0380  val_concept=0.9894  val_acc=0.7219
[step6][seed 2] epoch 64/100  loss=0.1507  cls=0.0472  concept=1.0349  train_acc=1.0000  val_loss=1.1263  val_cls=1.0273  val_concept=0.9901  val_acc=0.7186
[step6][seed 2] epoch 65/100  loss=0.1497  cls=0.0464  concept=1.0327  train_acc=1.0000  val_loss=1.1272  val_cls=1.0282  val_concept=0.9897  val_acc=0.7130
[step6][seed 2] epoch 66/100  loss=0.1488  cls=0.0460  concept=1.0283  train_acc=1.0000  val_loss=1.1305  val_cls=1.0326  val_concept=0.9783  val_acc=0.7164
[step6][seed 2] epoch 67/100  loss=0.1479  cls=0.0455  concept=1.0236  train_acc=1.0000  val_loss=1.1224  val_cls=1.0248  val_concept=0.9761  val_acc=0.7286
[step6][seed 2] epoch 68/100  loss=0.1475  cls=0.0456  concept=1.0190  train_acc=1.0000  val_loss=1.1261  val_cls=1.0288  val_concept=0.9730  val_acc=0.7241
[step6][seed 2] epoch 69/100  loss=0.1463  cls=0.0445  concept=1.0178  train_acc=1.0000  val_loss=1.1334  val_cls=1.0363  val_concept=0.9718  val_acc=0.7275
[step6][seed 2] epoch 70/100  loss=0.1456  cls=0.0442  concept=1.0136  train_acc=1.0000  val_loss=1.1285  val_cls=1.0321  val_concept=0.9641  val_acc=0.7197
[step6][seed 2] epoch 71/100  loss=0.1447  cls=0.0435  concept=1.0113  train_acc=1.0000  val_loss=1.1204  val_cls=1.0241  val_concept=0.9629  val_acc=0.7230
[step6][seed 2] epoch 72/100  loss=0.1439  cls=0.0434  concept=1.0056  train_acc=1.0000  val_loss=1.1368  val_cls=1.0409  val_concept=0.9590  val_acc=0.7319
[step6][seed 2] epoch 73/100  loss=0.1431  cls=0.0428  concept=1.0037  train_acc=1.0000  val_loss=1.1387  val_cls=1.0429  val_concept=0.9572  val_acc=0.7241
[step6][seed 2] epoch 74/100  loss=0.1429  cls=0.0427  concept=1.0021  train_acc=1.0000  val_loss=1.1283  val_cls=1.0330  val_concept=0.9527  val_acc=0.7241
[step6][seed 2] epoch 75/100  loss=0.1418  cls=0.0420  concept=0.9985  train_acc=1.0000  val_loss=1.1227  val_cls=1.0278  val_concept=0.9490  val_acc=0.7253
[step6][seed 2] epoch 76/100  loss=0.1416  cls=0.0421  concept=0.9952  train_acc=1.0000  val_loss=1.1264  val_cls=1.0312  val_concept=0.9521  val_acc=0.7219
[step6][seed 2] epoch 77/100  loss=0.1409  cls=0.0416  concept=0.9936  train_acc=1.0000  val_loss=1.1365  val_cls=1.0416  val_concept=0.9483  val_acc=0.7197
[step6][seed 2] epoch 78/100  loss=0.1409  cls=0.0417  concept=0.9921  train_acc=1.0000  val_loss=1.1344  val_cls=1.0399  val_concept=0.9449  val_acc=0.7297
[step6][seed 2] epoch 79/100  loss=0.1403  cls=0.0412  concept=0.9912  train_acc=1.0000  val_loss=1.1282  val_cls=1.0339  val_concept=0.9430  val_acc=0.7275
[step6][seed 2] epoch 80/100  loss=0.1398  cls=0.0410  concept=0.9884  train_acc=1.0000  val_loss=1.1377  val_cls=1.0435  val_concept=0.9425  val_acc=0.7275
[step6][seed 2] epoch 81/100  loss=0.1393  cls=0.0407  concept=0.9858  train_acc=1.0000  val_loss=1.1292  val_cls=1.0350  val_concept=0.9421  val_acc=0.7308
[step6][seed 2] epoch 82/100  loss=0.1387  cls=0.0402  concept=0.9846  train_acc=1.0000  val_loss=1.1384  val_cls=1.0448  val_concept=0.9360  val_acc=0.7286
[step6][seed 2] epoch 83/100  loss=0.1389  cls=0.0405  concept=0.9836  train_acc=1.0000  val_loss=1.1302  val_cls=1.0364  val_concept=0.9385  val_acc=0.7286
[step6][seed 2] epoch 84/100  loss=0.1386  cls=0.0405  concept=0.9812  train_acc=1.0000  val_loss=1.1258  val_cls=1.0320  val_concept=0.9383  val_acc=0.7241
[step6][seed 2] epoch 85/100  loss=0.1381  cls=0.0400  concept=0.9807  train_acc=1.0000  val_loss=1.1246  val_cls=1.0311  val_concept=0.9349  val_acc=0.7286
[step6][seed 2] epoch 86/100  loss=0.1377  cls=0.0398  concept=0.9792  train_acc=1.0000  val_loss=1.1268  val_cls=1.0333  val_concept=0.9350  val_acc=0.7286
[step6][seed 2] epoch 87/100  loss=0.1378  cls=0.0399  concept=0.9785  train_acc=1.0000  val_loss=1.1324  val_cls=1.0391  val_concept=0.9331  val_acc=0.7319
[step6][seed 2] epoch 88/100  loss=0.1368  cls=0.0391  concept=0.9777  train_acc=1.0000  val_loss=1.1271  val_cls=1.0339  val_concept=0.9315  val_acc=0.7241
[step6][seed 2] epoch 89/100  loss=0.1372  cls=0.0395  concept=0.9771  train_acc=1.0000  val_loss=1.1290  val_cls=1.0359  val_concept=0.9310  val_acc=0.7253
[step6][seed 2] epoch 90/100  loss=0.1370  cls=0.0394  concept=0.9756  train_acc=1.0000  val_loss=1.1283  val_cls=1.0353  val_concept=0.9301  val_acc=0.7241
[step6][seed 2] epoch 91/100  loss=0.1372  cls=0.0396  concept=0.9753  train_acc=1.0000  val_loss=1.1305  val_cls=1.0375  val_concept=0.9296  val_acc=0.7241
[step6][seed 2] epoch 92/100  loss=0.1368  cls=0.0393  concept=0.9747  train_acc=1.0000  val_loss=1.1295  val_cls=1.0366  val_concept=0.9288  val_acc=0.7230
[step6][seed 2] epoch 93/100  loss=0.1362  cls=0.0387  concept=0.9748  train_acc=1.0000  val_loss=1.1317  val_cls=1.0389  val_concept=0.9281  val_acc=0.7275
[step6][seed 2] epoch 94/100  loss=0.1363  cls=0.0389  concept=0.9741  train_acc=1.0000  val_loss=1.1329  val_cls=1.0401  val_concept=0.9283  val_acc=0.7241
[step6][seed 2] epoch 95/100  loss=0.1360  cls=0.0386  concept=0.9741  train_acc=1.0000  val_loss=1.1325  val_cls=1.0398  val_concept=0.9274  val_acc=0.7230
[step6][seed 2] epoch 96/100  loss=0.1363  cls=0.0389  concept=0.9738  train_acc=1.0000  val_loss=1.1331  val_cls=1.0404  val_concept=0.9273  val_acc=0.7241
[step6][seed 2] epoch 97/100  loss=0.1358  cls=0.0385  concept=0.9733  train_acc=1.0000  val_loss=1.1315  val_cls=1.0388  val_concept=0.9271  val_acc=0.7253
[step6][seed 2] epoch 98/100  loss=0.1363  cls=0.0389  concept=0.9738  train_acc=1.0000  val_loss=1.1319  val_cls=1.0392  val_concept=0.9270  val_acc=0.7230
[step6][seed 2] epoch 99/100  loss=0.1361  cls=0.0389  concept=0.9724  train_acc=1.0000  val_loss=1.1319  val_cls=1.0392  val_concept=0.9270  val_acc=0.7230
[step6][seed 2] epoch 100/100  loss=0.1361  cls=0.0388  concept=0.9724  train_acc=1.0000  val_loss=1.1319  val_cls=1.0392  val_concept=0.9270  val_acc=0.7230
[step6][seed 2] test top-1 accuracy = 0.7240
[step6][seed 2] saved checkpoint -> /home/cril/boulaabi/CLARITY/VisualCLARITY/outputs/checkpoints/globalcbm_seed2.pt
[step6][seed 3] epoch 1/100  loss=5.2293  cls=5.1644  concept=0.6496  train_acc=0.0336  val_loss=4.9668  val_cls=4.8905  val_concept=0.7638  val_acc=0.0523
[step6][seed 3] epoch 2/100  loss=4.5633  cls=4.4661  concept=0.9720  train_acc=0.1317  val_loss=4.2125  val_cls=4.0989  val_concept=1.1359  val_acc=0.1524
[step6][seed 3] epoch 3/100  loss=3.8026  cls=3.6742  concept=1.2842  train_acc=0.2481  val_loss=3.5282  val_cls=3.3883  val_concept=1.3994  val_acc=0.2803
[step6][seed 3] epoch 4/100  loss=3.1645  cls=3.0156  concept=1.4890  train_acc=0.3900  val_loss=3.0197  val_cls=2.8637  val_concept=1.5595  val_acc=0.3326
[step6][seed 3] epoch 5/100  loss=2.6703  cls=2.5090  concept=1.6129  train_acc=0.4985  val_loss=2.6612  val_cls=2.4958  val_concept=1.6538  val_acc=0.4071
[step6][seed 3] epoch 6/100  loss=2.2944  cls=2.1252  concept=1.6925  train_acc=0.5925  val_loss=2.3713  val_cls=2.2028  val_concept=1.6857  val_acc=0.4972
[step6][seed 3] epoch 7/100  loss=2.0003  cls=1.8268  concept=1.7349  train_acc=0.6605  val_loss=2.1571  val_cls=1.9831  val_concept=1.7398  val_acc=0.5306
[step6][seed 3] epoch 8/100  loss=1.7595  cls=1.5836  concept=1.7589  train_acc=0.7268  val_loss=1.9920  val_cls=1.8166  val_concept=1.7538  val_acc=0.5539
[step6][seed 3] epoch 9/100  loss=1.5543  cls=1.3766  concept=1.7772  train_acc=0.7710  val_loss=1.8271  val_cls=1.6529  val_concept=1.7426  val_acc=0.6085
[step6][seed 3] epoch 10/100  loss=1.3873  cls=1.2102  concept=1.7712  train_acc=0.8114  val_loss=1.7182  val_cls=1.5425  val_concept=1.7568  val_acc=0.6285
[step6][seed 3] epoch 11/100  loss=1.2492  cls=1.0714  concept=1.7772  train_acc=0.8420  val_loss=1.6186  val_cls=1.4461  val_concept=1.7250  val_acc=0.6318
[step6][seed 3] epoch 12/100  loss=1.1164  cls=0.9402  concept=1.7622  train_acc=0.8752  val_loss=1.5547  val_cls=1.3820  val_concept=1.7267  val_acc=0.6596
[step6][seed 3] epoch 13/100  loss=1.0136  cls=0.8379  concept=1.7565  train_acc=0.8956  val_loss=1.5041  val_cls=1.3322  val_concept=1.7187  val_acc=0.6529
[step6][seed 3] epoch 14/100  loss=0.9176  cls=0.7429  concept=1.7468  train_acc=0.9085  val_loss=1.4749  val_cls=1.3043  val_concept=1.7062  val_acc=0.6674
[step6][seed 3] epoch 15/100  loss=0.8328  cls=0.6600  concept=1.7286  train_acc=0.9309  val_loss=1.4261  val_cls=1.2588  val_concept=1.6723  val_acc=0.6852
[step6][seed 3] epoch 16/100  loss=0.7518  cls=0.5806  concept=1.7120  train_acc=0.9482  val_loss=1.3680  val_cls=1.1987  val_concept=1.6927  val_acc=0.6919
[step6][seed 3] epoch 17/100  loss=0.6886  cls=0.5182  concept=1.7041  train_acc=0.9598  val_loss=1.3224  val_cls=1.1584  val_concept=1.6398  val_acc=0.6908
[step6][seed 3] epoch 18/100  loss=0.6311  cls=0.4632  concept=1.6796  train_acc=0.9635  val_loss=1.2937  val_cls=1.1309  val_concept=1.6271  val_acc=0.7052
[step6][seed 3] epoch 19/100  loss=0.5785  cls=0.4127  concept=1.6575  train_acc=0.9711  val_loss=1.2720  val_cls=1.1116  val_concept=1.6043  val_acc=0.7075
[step6][seed 3] epoch 20/100  loss=0.5272  cls=0.3635  concept=1.6375  train_acc=0.9798  val_loss=1.2430  val_cls=1.0859  val_concept=1.5713  val_acc=0.7108
[step6][seed 3] epoch 21/100  loss=0.4843  cls=0.3224  concept=1.6190  train_acc=0.9857  val_loss=1.2188  val_cls=1.0626  val_concept=1.5620  val_acc=0.7241
[step6][seed 3] epoch 22/100  loss=0.4483  cls=0.2888  concept=1.5952  train_acc=0.9874  val_loss=1.2206  val_cls=1.0672  val_concept=1.5343  val_acc=0.7108
[step6][seed 3] epoch 23/100  loss=0.4157  cls=0.2580  concept=1.5765  train_acc=0.9925  val_loss=1.1963  val_cls=1.0445  val_concept=1.5183  val_acc=0.7130
[step6][seed 3] epoch 24/100  loss=0.3854  cls=0.2304  concept=1.5501  train_acc=0.9945  val_loss=1.1888  val_cls=1.0414  val_concept=1.4737  val_acc=0.7341
[step6][seed 3] epoch 25/100  loss=0.3601  cls=0.2079  concept=1.5220  train_acc=0.9955  val_loss=1.1703  val_cls=1.0251  val_concept=1.4514  val_acc=0.7275
[step6][seed 3] epoch 26/100  loss=0.3379  cls=0.1873  concept=1.5059  train_acc=0.9971  val_loss=1.1466  val_cls=1.0037  val_concept=1.4283  val_acc=0.7275
[step6][seed 3] epoch 27/100  loss=0.3228  cls=0.1749  concept=1.4792  train_acc=0.9976  val_loss=1.1547  val_cls=1.0141  val_concept=1.4057  val_acc=0.7319
[step6][seed 3] epoch 28/100  loss=0.3043  cls=0.1584  concept=1.4585  train_acc=0.9976  val_loss=1.1316  val_cls=0.9920  val_concept=1.3966  val_acc=0.7353
[step6][seed 3] epoch 29/100  loss=0.2890  cls=0.1455  concept=1.4354  train_acc=0.9994  val_loss=1.1519  val_cls=1.0156  val_concept=1.3627  val_acc=0.7286
[step6][seed 3] epoch 30/100  loss=0.2753  cls=0.1340  concept=1.4129  train_acc=0.9986  val_loss=1.1231  val_cls=0.9894  val_concept=1.3373  val_acc=0.7386
[step6][seed 3] epoch 31/100  loss=0.2641  cls=0.1250  concept=1.3914  train_acc=0.9990  val_loss=1.1393  val_cls=1.0065  val_concept=1.3279  val_acc=0.7319
[step6][seed 3] epoch 32/100  loss=0.2525  cls=0.1156  concept=1.3688  train_acc=0.9998  val_loss=1.1194  val_cls=0.9902  val_concept=1.2918  val_acc=0.7364
[step6][seed 3] epoch 33/100  loss=0.2429  cls=0.1082  concept=1.3478  train_acc=0.9998  val_loss=1.1244  val_cls=0.9961  val_concept=1.2831  val_acc=0.7319
[step6][seed 3] epoch 34/100  loss=0.2366  cls=0.1036  concept=1.3305  train_acc=0.9990  val_loss=1.1068  val_cls=0.9802  val_concept=1.2663  val_acc=0.7475
[step6][seed 3] epoch 35/100  loss=0.2281  cls=0.0971  concept=1.3099  train_acc=0.9998  val_loss=1.1468  val_cls=1.0216  val_concept=1.2528  val_acc=0.7286
[step6][seed 3] epoch 36/100  loss=0.2224  cls=0.0928  concept=1.2961  train_acc=1.0000  val_loss=1.1061  val_cls=0.9826  val_concept=1.2352  val_acc=0.7419
[step6][seed 3] epoch 37/100  loss=0.2170  cls=0.0891  concept=1.2795  train_acc=1.0000  val_loss=1.1004  val_cls=0.9777  val_concept=1.2273  val_acc=0.7531
[step6][seed 3] epoch 38/100  loss=0.2121  cls=0.0858  concept=1.2632  train_acc=1.0000  val_loss=1.1306  val_cls=1.0103  val_concept=1.2030  val_acc=0.7386
[step6][seed 3] epoch 39/100  loss=0.2078  cls=0.0829  concept=1.2491  train_acc=0.9998  val_loss=1.1149  val_cls=0.9952  val_concept=1.1972  val_acc=0.7453
[step6][seed 3] epoch 40/100  loss=0.2022  cls=0.0784  concept=1.2376  train_acc=1.0000  val_loss=1.1230  val_cls=1.0047  val_concept=1.1826  val_acc=0.7408
[step6][seed 3] epoch 41/100  loss=0.1994  cls=0.0774  concept=1.2208  train_acc=0.9998  val_loss=1.1103  val_cls=0.9931  val_concept=1.1719  val_acc=0.7297
[step6][seed 3] epoch 42/100  loss=0.1940  cls=0.0730  concept=1.2101  train_acc=1.0000  val_loss=1.1040  val_cls=0.9882  val_concept=1.1578  val_acc=0.7419
[step6][seed 3] epoch 43/100  loss=0.1895  cls=0.0699  concept=1.1955  train_acc=1.0000  val_loss=1.1200  val_cls=1.0050  val_concept=1.1506  val_acc=0.7408
[step6][seed 3] epoch 44/100  loss=0.1869  cls=0.0683  concept=1.1860  train_acc=0.9998  val_loss=1.1008  val_cls=0.9881  val_concept=1.1272  val_acc=0.7408
[step6][seed 3] epoch 45/100  loss=0.1846  cls=0.0671  concept=1.1753  train_acc=1.0000  val_loss=1.1099  val_cls=0.9974  val_concept=1.1244  val_acc=0.7341
[step6][seed 3] epoch 46/100  loss=0.1813  cls=0.0651  concept=1.1627  train_acc=1.0000  val_loss=1.0904  val_cls=0.9788  val_concept=1.1156  val_acc=0.7375
[step6][seed 3] epoch 47/100  loss=0.1790  cls=0.0635  concept=1.1556  train_acc=1.0000  val_loss=1.0945  val_cls=0.9843  val_concept=1.1019  val_acc=0.7341
[step6][seed 3] epoch 48/100  loss=0.1780  cls=0.0637  concept=1.1439  train_acc=0.9998  val_loss=1.1023  val_cls=0.9926  val_concept=1.0974  val_acc=0.7364
[step6][seed 3] epoch 49/100  loss=0.1763  cls=0.0623  concept=1.1394  train_acc=0.9994  val_loss=1.1152  val_cls=1.0058  val_concept=1.0942  val_acc=0.7364
[step6][seed 3] epoch 50/100  loss=0.1804  cls=0.0669  concept=1.1357  train_acc=0.9992  val_loss=1.1027  val_cls=0.9943  val_concept=1.0846  val_acc=0.7397
[step6][seed 3] epoch 51/100  loss=0.1718  cls=0.0593  concept=1.1247  train_acc=1.0000  val_loss=1.0872  val_cls=0.9799  val_concept=1.0730  val_acc=0.7419
[step6][seed 3] epoch 52/100  loss=0.1671  cls=0.0558  concept=1.1134  train_acc=1.0000  val_loss=1.1040  val_cls=0.9978  val_concept=1.0620  val_acc=0.7375
[step6][seed 3] epoch 53/100  loss=0.1656  cls=0.0551  concept=1.1053  train_acc=1.0000  val_loss=1.0901  val_cls=0.9846  val_concept=1.0554  val_acc=0.7397
[step6][seed 3] epoch 54/100  loss=0.1632  cls=0.0535  concept=1.0979  train_acc=1.0000  val_loss=1.1162  val_cls=1.0121  val_concept=1.0409  val_acc=0.7319
[step6][seed 3] epoch 55/100  loss=0.1621  cls=0.0533  concept=1.0882  train_acc=1.0000  val_loss=1.0798  val_cls=0.9752  val_concept=1.0461  val_acc=0.7508
[step6][seed 3] epoch 56/100  loss=0.1613  cls=0.0528  concept=1.0853  train_acc=1.0000  val_loss=1.0935  val_cls=0.9900  val_concept=1.0355  val_acc=0.7341
[step6][seed 3] epoch 57/100  loss=0.1595  cls=0.0516  concept=1.0792  train_acc=1.0000  val_loss=1.0887  val_cls=0.9858  val_concept=1.0281  val_acc=0.7486
[step6][seed 3] epoch 58/100  loss=0.1587  cls=0.0514  concept=1.0730  train_acc=1.0000  val_loss=1.0834  val_cls=0.9810  val_concept=1.0237  val_acc=0.7397
[step6][seed 3] epoch 59/100  loss=0.1574  cls=0.0506  concept=1.0675  train_acc=1.0000  val_loss=1.0907  val_cls=0.9884  val_concept=1.0226  val_acc=0.7475
[step6][seed 3] epoch 60/100  loss=0.1561  cls=0.0498  concept=1.0630  train_acc=1.0000  val_loss=1.0887  val_cls=0.9868  val_concept=1.0196  val_acc=0.7419
[step6][seed 3] epoch 61/100  loss=0.1547  cls=0.0489  concept=1.0578  train_acc=1.0000  val_loss=1.0812  val_cls=0.9800  val_concept=1.0120  val_acc=0.7464
[step6][seed 3] epoch 62/100  loss=0.1527  cls=0.0475  concept=1.0513  train_acc=1.0000  val_loss=1.0992  val_cls=0.9989  val_concept=1.0023  val_acc=0.7453
[step6][seed 3] epoch 63/100  loss=0.1521  cls=0.0475  concept=1.0452  train_acc=1.0000  val_loss=1.0983  val_cls=0.9981  val_concept=1.0020  val_acc=0.7397
[step6][seed 3] epoch 64/100  loss=0.1515  cls=0.0473  concept=1.0414  train_acc=1.0000  val_loss=1.0979  val_cls=0.9980  val_concept=0.9987  val_acc=0.7508
[step6][seed 3] epoch 65/100  loss=0.1510  cls=0.0471  concept=1.0389  train_acc=1.0000  val_loss=1.0855  val_cls=0.9860  val_concept=0.9952  val_acc=0.7464
[step6][seed 3] epoch 66/100  loss=0.1492  cls=0.0457  concept=1.0356  train_acc=1.0000  val_loss=1.1044  val_cls=1.0060  val_concept=0.9842  val_acc=0.7464
[step6][seed 3] epoch 67/100  loss=0.1489  cls=0.0456  concept=1.0324  train_acc=1.0000  val_loss=1.0974  val_cls=0.9993  val_concept=0.9814  val_acc=0.7464
[step6][seed 3] epoch 68/100  loss=0.1481  cls=0.0454  concept=1.0266  train_acc=1.0000  val_loss=1.0995  val_cls=1.0010  val_concept=0.9847  val_acc=0.7497
[step6][seed 3] epoch 69/100  loss=0.1470  cls=0.0446  concept=1.0241  train_acc=1.0000  val_loss=1.1028  val_cls=1.0048  val_concept=0.9798  val_acc=0.7442
[step6][seed 3] epoch 70/100  loss=0.1458  cls=0.0439  concept=1.0196  train_acc=1.0000  val_loss=1.1045  val_cls=1.0074  val_concept=0.9703  val_acc=0.7397
[step6][seed 3] epoch 71/100  loss=0.1459  cls=0.0444  concept=1.0156  train_acc=1.0000  val_loss=1.0921  val_cls=0.9947  val_concept=0.9749  val_acc=0.7464
[step6][seed 3] epoch 72/100  loss=0.1449  cls=0.0434  concept=1.0148  train_acc=1.0000  val_loss=1.0940  val_cls=0.9972  val_concept=0.9679  val_acc=0.7519
[step6][seed 3] epoch 73/100  loss=0.1438  cls=0.0428  concept=1.0109  train_acc=1.0000  val_loss=1.0979  val_cls=1.0011  val_concept=0.9682  val_acc=0.7486
[step6][seed 3] epoch 74/100  loss=0.1432  cls=0.0424  concept=1.0078  train_acc=1.0000  val_loss=1.1004  val_cls=1.0041  val_concept=0.9627  val_acc=0.7464
[step6][seed 3] epoch 75/100  loss=0.1430  cls=0.0425  concept=1.0051  train_acc=1.0000  val_loss=1.0909  val_cls=0.9948  val_concept=0.9613  val_acc=0.7531
[step6][seed 3] epoch 76/100  loss=0.1431  cls=0.0428  concept=1.0028  train_acc=1.0000  val_loss=1.0931  val_cls=0.9970  val_concept=0.9614  val_acc=0.7475
[step6][seed 3] epoch 77/100  loss=0.1420  cls=0.0420  concept=1.0006  train_acc=1.0000  val_loss=1.0987  val_cls=1.0031  val_concept=0.9554  val_acc=0.7430
[step6][seed 3] epoch 78/100  loss=0.1415  cls=0.0416  concept=0.9990  train_acc=1.0000  val_loss=1.0923  val_cls=0.9970  val_concept=0.9528  val_acc=0.7542
[step6][seed 3] epoch 79/100  loss=0.1406  cls=0.0409  concept=0.9975  train_acc=1.0000  val_loss=1.0953  val_cls=1.0003  val_concept=0.9502  val_acc=0.7464
[step6][seed 3] epoch 80/100  loss=0.1411  cls=0.0416  concept=0.9947  train_acc=1.0000  val_loss=1.0998  val_cls=1.0046  val_concept=0.9517  val_acc=0.7430
[step6][seed 3] epoch 81/100  loss=0.1402  cls=0.0408  concept=0.9939  train_acc=1.0000  val_loss=1.0940  val_cls=0.9991  val_concept=0.9485  val_acc=0.7475
[step6][seed 3] epoch 82/100  loss=0.1396  cls=0.0404  concept=0.9914  train_acc=1.0000  val_loss=1.0955  val_cls=1.0009  val_concept=0.9454  val_acc=0.7430
[step6][seed 3] epoch 83/100  loss=0.1397  cls=0.0408  concept=0.9892  train_acc=1.0000  val_loss=1.0982  val_cls=1.0036  val_concept=0.9457  val_acc=0.7486
[step6][seed 3] epoch 84/100  loss=0.1393  cls=0.0404  concept=0.9896  train_acc=1.0000  val_loss=1.1026  val_cls=1.0080  val_concept=0.9457  val_acc=0.7531
[step6][seed 3] epoch 85/100  loss=0.1388  cls=0.0400  concept=0.9878  train_acc=1.0000  val_loss=1.1021  val_cls=1.0080  val_concept=0.9410  val_acc=0.7475
[step6][seed 3] epoch 86/100  loss=0.1387  cls=0.0400  concept=0.9864  train_acc=1.0000  val_loss=1.0972  val_cls=1.0031  val_concept=0.9412  val_acc=0.7497
[step6][seed 3] epoch 87/100  loss=0.1381  cls=0.0395  concept=0.9853  train_acc=1.0000  val_loss=1.1010  val_cls=1.0070  val_concept=0.9406  val_acc=0.7453
[step6][seed 3] epoch 88/100  loss=0.1384  cls=0.0400  concept=0.9836  train_acc=1.0000  val_loss=1.0992  val_cls=1.0052  val_concept=0.9396  val_acc=0.7453
[step6][seed 3] epoch 89/100  loss=0.1378  cls=0.0394  concept=0.9835  train_acc=1.0000  val_loss=1.1003  val_cls=1.0065  val_concept=0.9381  val_acc=0.7497
[step6][seed 3] epoch 90/100  loss=0.1378  cls=0.0395  concept=0.9832  train_acc=1.0000  val_loss=1.1031  val_cls=1.0094  val_concept=0.9375  val_acc=0.7497
[step6][seed 3] epoch 91/100  loss=0.1374  cls=0.0392  concept=0.9823  train_acc=1.0000  val_loss=1.1001  val_cls=1.0064  val_concept=0.9368  val_acc=0.7475
[step6][seed 3] epoch 92/100  loss=0.1376  cls=0.0393  concept=0.9829  train_acc=1.0000  val_loss=1.1016  val_cls=1.0080  val_concept=0.9361  val_acc=0.7464
[step6][seed 3] epoch 93/100  loss=0.1370  cls=0.0388  concept=0.9820  train_acc=1.0000  val_loss=1.0982  val_cls=1.0046  val_concept=0.9352  val_acc=0.7497
[step6][seed 3] epoch 94/100  loss=0.1370  cls=0.0390  concept=0.9799  train_acc=1.0000  val_loss=1.0988  val_cls=1.0053  val_concept=0.9356  val_acc=0.7531
[step6][seed 3] epoch 95/100  loss=0.1369  cls=0.0389  concept=0.9806  train_acc=1.0000  val_loss=1.0998  val_cls=1.0063  val_concept=0.9345  val_acc=0.7508
[step6][seed 3] epoch 96/100  loss=0.1372  cls=0.0392  concept=0.9795  train_acc=1.0000  val_loss=1.0996  val_cls=1.0061  val_concept=0.9350  val_acc=0.7519
[step6][seed 3] epoch 97/100  loss=0.1368  cls=0.0389  concept=0.9794  train_acc=1.0000  val_loss=1.1011  val_cls=1.0076  val_concept=0.9347  val_acc=0.7531
[step6][seed 3] epoch 98/100  loss=0.1365  cls=0.0385  concept=0.9802  train_acc=1.0000  val_loss=1.1008  val_cls=1.0073  val_concept=0.9345  val_acc=0.7531
[step6][seed 3] epoch 99/100  loss=0.1366  cls=0.0386  concept=0.9798  train_acc=1.0000  val_loss=1.1004  val_cls=1.0070  val_concept=0.9344  val_acc=0.7531
[step6][seed 3] epoch 100/100  loss=0.1365  cls=0.0385  concept=0.9808  train_acc=1.0000  val_loss=1.1005  val_cls=1.0070  val_concept=0.9344  val_acc=0.7531
[step6][seed 3] test top-1 accuracy = 0.7213
[step6][seed 3] saved checkpoint -> /home/cril/boulaabi/CLARITY/VisualCLARITY/outputs/checkpoints/globalcbm_seed3.pt
[step6] Done.
